{
  "version": "1.5.0",
  "plugins_used": [
    {
      "name": "ArtifactoryDetector"
    },
    {
      "name": "AWSKeyDetector"
    },
    {
      "name": "AzureStorageKeyDetector"
    },
    {
      "name": "Base64HighEntropyString",
      "limit": 4.5
    },
    {
      "name": "BasicAuthDetector"
    },
    {
      "name": "CloudantDetector"
    },
    {
      "name": "DiscordBotTokenDetector"
    },
    {
      "name": "GitHubTokenDetector"
    },
    {
      "name": "GitLabTokenDetector"
    },
    {
      "name": "HexHighEntropyString",
      "limit": 3.0
    },
    {
      "name": "IbmCloudIamDetector"
    },
    {
      "name": "IbmCosHmacDetector"
    },
    {
      "name": "IPPublicDetector"
    },
    {
      "name": "JwtTokenDetector"
    },
    {
      "name": "KeywordDetector",
      "keyword_exclude": ""
    },
    {
      "name": "KpmPasswordDetector",
      "path": "file:///Users/barista/Developer/petro-lab/kpm-treatment/tools/detect_secrets_plugins/kpm_password.py"
    },
    {
      "name": "MailchimpDetector"
    },
    {
      "name": "NpmDetector"
    },
    {
      "name": "OpenAIDetector"
    },
    {
      "name": "PrivateKeyDetector"
    },
    {
      "name": "PypiTokenDetector"
    },
    {
      "name": "SendGridDetector"
    },
    {
      "name": "SlackDetector"
    },
    {
      "name": "SoftlayerDetector"
    },
    {
      "name": "SquareOAuthDetector"
    },
    {
      "name": "StripeDetector"
    },
    {
      "name": "TelegramBotTokenDetector"
    },
    {
      "name": "TwilioKeyDetector"
    }
  ],
  "filters_used": [
    {
      "path": "detect_secrets.filters.allowlist.is_line_allowlisted"
    },
    {
      "path": "detect_secrets.filters.common.is_baseline_file",
      "filename": ".secrets.baseline"
    },
    {
      "path": "detect_secrets.filters.common.is_ignored_due_to_verification_policies",
      "min_level": 2
    },
    {
      "path": "detect_secrets.filters.heuristic.is_indirect_reference"
    },
    {
      "path": "detect_secrets.filters.heuristic.is_likely_id_string"
    },
    {
      "path": "detect_secrets.filters.heuristic.is_lock_file"
    },
    {
      "path": "detect_secrets.filters.heuristic.is_not_alphanumeric_string"
    },
    {
      "path": "detect_secrets.filters.heuristic.is_potential_uuid"
    },
    {
      "path": "detect_secrets.filters.heuristic.is_prefixed_with_dollar_sign"
    },
    {
      "path": "detect_secrets.filters.heuristic.is_sequential_string"
    },
    {
      "path": "detect_secrets.filters.heuristic.is_swagger_file"
    },
    {
      "path": "detect_secrets.filters.heuristic.is_templated_secret"
    },
    {
      "path": "detect_secrets.filters.regex.should_exclude_file",
      "pattern": [
        "^\\.secrets\\.baseline$"
      ]
    }
  ],
  "results": {
    "samples/kpm-export.txt": [
      {
        "type": "KPM Export Password",
        "filename": "samples/kpm-export.txt",
        "hashed_secret": "c349b0c847bf6c5e4f5ade00113b35fd6449e338",
        "is_verified": false,
        "line_number": 7,
        "is_secret": true
      },
      {
        "type": "KPM Export Password",
        "filename": "samples/kpm-export.txt",
        "hashed_secret": "f8377c90fcfd699f0ddbdcb30c2c9183d2d933ea",
        "is_verified": false,
        "line_number": 16,
        "is_secret": true
      },
      {
        "type": "KPM Export Password",
        "filename": "samples/kpm-export.txt",
        "hashed_secret": "542adcb6e5ffbd51ba57c3d5a21fbe3e110b6c34",
        "is_verified": false,
        "line_number": 25,
        "is_secret": true
      },
      {
        "type": "KPM Export Password",
        "filename": "samples/kpm-export.txt",
        "hashed_secret": "c0a1d93e546c2cca6ba0ca2ceea7e601084a006c",
        "is_verified": false,
        "line_number": 35,
        "is_secret": true
      },
      {
        "type": "KPM Export Password",
        "filename": "samples/kpm-export.txt",
        "hashed_secret": "56bcc2c0f00b06ce4c0a2fbc81e7be4201e31410",
        "is_verified": false,
        "line_number": 43,
        "is_secret": true
      },
      {
        "type": "KPM Export Password",
        "filename": "samples/kpm-export.txt",
        "hashed_secret": "da6be2178b89b50ca30b50ffe58e8ee5b4b2b7ab",
        "is_verified": false,
        "line_number": 51,
        "is_secret": true
      }
    ],
    "samples/kpm-import.csv": [
      {
        "type": "KPM Export Password",
        "filename": "samples/kpm-import.csv",
        "hashed_secret": "c349b0c847bf6c5e4f5ade00113b35fd6449e338",
        "is_verified": false,
        "line_number": 2,
        "is_secret": true
      },
      {
        "type": "KPM Export Password",
        "filename": "samples/kpm-import.csv",
        "hashed_secret": "f8377c90fcfd699f0ddbdcb30c2c9183d2d933ea",
        "is_verified": false,
        "line_number": 3,
        "is_secret": true
      },
      {
        "type": "KPM Export Password",
        "filename": "samples/kpm-import.csv",
        "hashed_secret": "542adcb6e5ffbd51ba57c3d5a21fbe3e110b6c34",
        "is_verified": false,
        "line_number": 4,
        "is_secret": true
      }
    ],
    "tests/test_formats.py": [
      {
        "type": "Secret Keyword",
        "filename": "tests/test_formats.py",
        "hashed_secret": "e5e9fa1ba31ecd1ae84f75caaa474f3a663f05f4",
        "is_verified": false,
        "line_number": 199,
        "is_secret": true
      },
      {
        "type": "Secret Keyword",
        "filename": "tests/test_formats.py",
        "hashed_secret": "903a0bf658baaaa89463ba893c88ae9c0be5a9bb",
        "is_verified": false,
        "line_number": 223,
        "is_secret": true
      },
      {
        "type": "Secret Keyword",
        "filename": "tests/test_formats.py",
        "hashed_secret": "1a91d62f7ca67399625a4368a6ab5d4a3baa6073",
        "is_verified": false,
        "line_number": 244,
        "is_secret": true
      },
      {
        "type": "Secret Keyword",
        "filename": "tests/test_formats.py",
        "hashed_secret": "aafdc23870ecbcd3d557b6423a8982134e17927e",
        "is_verified": false,
        "line_number": 265,
        "is_secret": true
      },
      {
        "type": "Secret Keyword",
        "filename": "tests/test_formats.py",
        "hashed_secret": "c77da256bcb78fe5b523000c6f95bec2563677d7",
        "is_verified": false,
        "line_number": 329,
        "is_secret": true
      }
    ],
    "tests/test_models.py": [
      {
        "type": "Secret Keyword",
        "filename": "tests/test_models.py",
        "hashed_secret": "e5e9fa1ba31ecd1ae84f75caaa474f3a663f05f4",
        "is_verified": false,
        "line_number": 20,
        "is_secret": true
      }
    ],
    "tests/test_parser.py": [
      {
        "type": "KPM Export Password",
        "filename": "tests/test_parser.py",
        "hashed_secret": "e5e9fa1ba31ecd1ae84f75caaa474f3a663f05f4",
        "is_verified": false,
        "line_number": 19,
        "is_secret": true
      },
      {
        "type": "KPM Export Password",
        "filename": "tests/test_parser.py",
        "hashed_secret": "aafdc23870ecbcd3d557b6423a8982134e17927e",
        "is_verified": false,
        "line_number": 40,
        "is_secret": true
      },
      {
        "type": "KPM Export Password",
        "filename": "tests/test_parser.py",
        "hashed_secret": "b78f576611ec06f96af3ca654c22172a5d746c40",
        "is_verified": false,
        "line_number": 78,
        "is_secret": true
      },
      {
        "type": "KPM Export Password",
        "filename": "tests/test_parser.py",
        "hashed_secret": "c5fd961c9f737a955a308050062e7a2c34ee67c3",
        "is_verified": false,
        "line_number": 87,
        "is_secret": true
      },
      {
        "type": "KPM Export Password",
        "filename": "tests/test_parser.py",
        "hashed_secret": "c77da256bcb78fe5b523000c6f95bec2563677d7",
        "is_verified": false,
        "line_number": 98,
        "is_secret": true
      },
      {
        "type": "KPM Export Password",
        "filename": "tests/test_parser.py",
        "hashed_secret": "ac78b022715c5b8357b4dca8045e8463b4de2124",
        "is_verified": false,
        "line_number": 108,
        "is_secret": true
      },
      {
        "type": "KPM Export Password",
        "filename": "tests/test_parser.py",
        "hashed_secret": "903a0bf658baaaa89463ba893c88ae9c0be5a9bb",
        "is_verified": false,
        "line_number": 136,
        "is_secret": true
      },
      {
        "type": "Secret Keyword",
        "filename": "tests/test_parser.py",
        "hashed_secret": "e5e9fa1ba31ecd1ae84f75caaa474f3a663f05f4",
        "is_verified": false,
        "line_number": 172,
        "is_secret": true
      }
    ]
  },
  "generated_at": "2026-05-08T23:29:23Z"
}
